<html>
<body>
<pre>
<h1>µVision Build Log</h1>
<h2>Tool Versions:</h2>
IDE-Version: µVision V5.21.1.0
Copyright (C) 2016 ARM Ltd and ARM Germany GmbH. All rights reserved.
License Information: Nada Laptop, TIT, LIC=----
 
Tool Versions:
Toolchain:       MDK-Lite  Version: 5.21a
Toolchain Path:  C:\Keil_v5\ARM\ARMCC\Bin
C Compiler:      Armcc.exe V5.06 update 3 (build 300)
Assembler:       Armasm.exe V5.06 update 3 (build 300)
Linker/Locator:  ArmLink.exe V5.06 update 3 (build 300)
Library Manager: ArmAr.exe V5.06 update 3 (build 300)
Hex Converter:   FromElf.exe V5.06 update 3 (build 300)
CPU DLL:         SARMCM3.DLL V5.21a
Dialog DLL:      DCM.DLL V1.13.8.0
Target DLL:      lmidk-agdi.dll V???
Dialog DLL:      TCM.DLL V1.14.14.0
 
<h2>Project:</h2>
D:\Graduation Project\Final CAN\CAN Driver Final ISA\CAN Driver 3.uvprojx
Project File Date:  10/19/2019

<h2>Output:</h2>
*** Using Compiler 'V5.06 update 3 (build 300)', folder: 'C:\Keil_v5\ARM\ARMCC\Bin'
Rebuild target 'Target 1'
assembling startup_TM4C123.s...
compiling main.c...
CAN_HW_TYPES.h(54): warning:  #1-D: last line of file ends without a newline
  #endif
CAN_PORT.h(38): warning:  #1-D: last line of file ends without a newline
  #endif
main.c: 2 warnings, 0 errors
compiling can_driver.c...
CAN_HW_TYPES.h(54): warning:  #1-D: last line of file ends without a newline
  #endif
CAN_PORT.h(38): warning:  #1-D: last line of file ends without a newline
  #endif
can_driver.c(400): warning:  #188-D: enumerated type mixed with another type
  		psMsgObject->Msg_Length = (
CCESS_REG((Base + CAN_IF2MCTL_R)) & 0xF);
can_driver.c: 4 warnings, 0 errors
#1-D: last line of file ends without a newline
  }
compiling system_TM4C123.c...
linking...
Program Size: Code=1664 RO-data=652 RW-data=28 ZI-data=612  
".\Objects\CAN Driver 3.axf" - 0 Error(s), 5 Warning(s).

<h2>Software Packages used:</h2>

Package Vendor: ARM
                http://www.keil.com/pack/ARM.CMSIS.4.5.0.pack
                ARM::CMSIS:CORE:4.3.0
                CMSIS (Cortex Microcontroller Software Interface Standard)
   * Component: CORE Version: 4.3.0

Package Vendor: Keil
                http://www.keil.com/pack/Keil.TM4C_DFP.1.1.0.pack
                Keil::Device:Startup:1.0.1
                Texas Instruments Tiva C Series Device Support and Examples
   * Component: Startup Version: 1.0.1

<h2>Collection of Component include folders:</h2>
  D:\Graduation Project\Final CAN\CAN Driver Final ISA\RTE
  C:\Keil_v5\ARM\PACK\ARM\CMSIS\4.5.0\CMSIS\Include
  C:\Keil_v5\ARM\PACK\Keil\TM4C_DFP\1.1.0\Device\Include\TM4C123

<h2>Collection of Component Files used:</h2>

   * Component: ARM::CMSIS:CORE:4.3.0

   * Component: Keil::Device:Startup:1.0.1
      Source file:   Device\Source\ARM\startup_TM4C123.s
      Include file:  Device\Include\TM4C123\TM4C123.h
      Source file:   Device\Source\system_TM4C123.c
Build Time Elapsed:  00:00:09
</pre>
</body>
</html>
